// Jest Snapshot v1, https://goo.gl/fbAQLP

exports[`Button renders button correctly 1`] = `
<button
  className=""
>
  Test
</button>
`;
